[pid  5173] epoll_pwait(7,  <unfinished ...>
[pid  5174] getsockname(16,  <unfinished ...>
[pid  5155] getpid( <unfinished ...>
[pid  5174] <... getsockname resumed>{sa_family=AF_INET, sin_port=htons(5552), sin_addr=inet_addr("127.0.0.1")}, [128 => 16]) = 0
[pid  5155] <... getpid resumed>)       = 5153
[pid  5174] getpid( <unfinished ...>
[pid  5155] write(9, "\1\0\0\0\0\0\0\0", 8 <unfinished ...>
[pid  5174] <... getpid resumed>)       = 5174
[pid  5155] <... write resumed>)        = 8
[pid  5153] <... ppoll resumed>)        = 1 ([{fd=9, revents=POLLIN}])
[pid  5174] write(13, "\1\0\0\0\0\0\0\0", 8 <unfinished ...>
[pid  5155] futex(0xffff846277a4, FUTEX_WAKE_PRIVATE, 2147483647 <unfinished ...>
[pid  5153] getpid( <unfinished ...>
[pid  5176] <... epoll_pwait resumed>[{events=EPOLLIN, data={u32=3664149216, u64=187650785311456}}], 256, -1, NULL, 8) = 1
[pid  5174] <... write resumed>)        = 8
[pid  5155] <... futex resumed>)        = 0
[pid  5176] getpid( <unfinished ...>
[pid  5174] getpid( <unfinished ...>
[pid  5153] <... getpid resumed>)       = 5153
[pid  5176] <... getpid resumed>)       = 5174
[pid  5174] <... getpid resumed>)       = 5174
[pid  5155] futex(0xffff846277b0, FUTEX_WAKE_PRIVATE, 2147483647 <unfinished ...>
[pid  5176] ppoll([{fd=13, events=POLLIN}], 1, {tv_sec=0, tv_nsec=0}, NULL, 0 <unfinished ...>
[pid  5174] write(15, "\1\0\0\0\0\0\0\0", 8 <unfinished ...>
[pid  5153] read(9,  <unfinished ...>
[pid  5176] <... ppoll resumed>)        = 1 ([{fd=13, revents=POLLIN}], left {tv_sec=0, tv_nsec=0})
[pid  5174] <... write resumed>)        = 8
[pid  5155] <... futex resumed>)        = 0
[pid  5176] getpid( <unfinished ...>
[pid  5174] write(1, "Compute Node 2 started, listenin"..., 58 <unfinished ...>
[pid  5153] <... read resumed>"\1\0\0\0\0\0\0\0", 8) = 8
[pid  5176] <... getpid resumed>)       = 5174
[pid  5174] <... write resumed>)        = 58
[pid  5155] sendto(11, "\4\31\5READY\vSocket-Type\0\0\0\3REP", 27, 0, NULL, 0 <unfinished ...>
[pid  5176] read(13,  <unfinished ...>
[pid  5174] getpid( <unfinished ...>
[pid  5153] getpid( <unfinished ...>
[pid  5176] <... read resumed>"\1\0\0\0\0\0\0\0", 8) = 8
[pid  5174] <... getpid resumed>)       = 5174
[pid  5173] <... epoll_pwait resumed>[{events=EPOLLIN, data={u32=2080379952, u64=281472762123312}}], 256, 29983, NULL, 8) = 1
[pid  5155] <... sendto resumed>)       = 27
[pid  5176] epoll_ctl(14, EPOLL_CTL_ADD, 16, {events=0, data={u32=2080380736, u64=281472762124096}} <unfinished ...>
[pid  5174] ppoll([{fd=15, events=POLLIN}], 1, NULL, NULL, 0 <unfinished ...>
[pid  5173] recvfrom(9,  <unfinished ...>
[pid  5153] <... getpid resumed>)       = 5153
[pid  5176] <... epoll_ctl resumed>)    = 0
[pid  5174] <... ppoll resumed>)        = 1 ([{fd=15, revents=POLLIN}])
[pid  5173] <... recvfrom resumed>"\4\31\5READY\vSocket-Type\0\0\0\3REP", 8192, 0, NULL, NULL) = 27
[pid  5155] epoll_pwait(8,  <unfinished ...>
[pid  5176] epoll_ctl(14, EPOLL_CTL_MOD, 16, {events=EPOLLIN, data={u32=2080380736, u64=281472762124096}} <unfinished ...>
[pid  5174] getpid( <unfinished ...>
[pid  5173] epoll_ctl(7, EPOLL_CTL_MOD, 9, {events=EPOLLIN|EPOLLOUT, data={u32=2080379952, u64=281472762123312}} <unfinished ...>
[pid  5153] write(7, "\1\0\0\0\0\0\0\0", 8 <unfinished ...>
[pid  5176] <... epoll_ctl resumed>)    = 0
[pid  5174] <... getpid resumed>)       = 5174
[pid  5173] <... epoll_ctl resumed>)    = 0
[pid  5155] <... epoll_pwait resumed>[{events=EPOLLOUT, data={u32=2080381392, u64=281472762124752}}], 256, -1, NULL, 8) = 1
[pid  5176] getpid( <unfinished ...>
[pid  5174] read(15,  <unfinished ...>
[pid  5173] getpid( <unfinished ...>
[pid  5153] <... write resumed>)        = 8
[pid  5176] <... getpid resumed>)       = 5174
[pid  5174] <... read resumed>"\1\0\0\0\0\0\0\0", 8) = 8
[pid  5173] <... getpid resumed>)       = 5151
[pid  5155] epoll_ctl(8, EPOLL_CTL_MOD, 11, {events=EPOLLIN, data={u32=2080381392, u64=281472762124752}} <unfinished ...>
[pid  5176] ppoll([{fd=13, events=POLLIN}], 1, {tv_sec=0, tv_nsec=0}, NULL, 0 <unfinished ...>
[pid  5174] getpid( <unfinished ...>
[pid  5173] write(8, "\1\0\0\0\0\0\0\0", 8 <unfinished ...>
[pid  5153] getpid( <unfinished ...>
[pid  5176] <... ppoll resumed>)        = 0 (Timeout)
[pid  5174] <... getpid resumed>)       = 5174
[pid  5173] <... write resumed>)        = 8
[pid  5155] <... epoll_ctl resumed>)    = 0
[pid  5176] epoll_pwait(14,  <unfinished ...>
[pid  5174] ppoll([{fd=15, events=POLLIN}], 1, {tv_sec=0, tv_nsec=0}, NULL, 0 <unfinished ...>
[pid  5173] sendto(9, "\1\0\0\5ping\0", 9, 0, NULL, 0 <unfinished ...>
[pid  5153] <... getpid resumed>)       = 5153
[pid  5174] <... ppoll resumed>)        = 0 (Timeout)
[pid  5173] <... sendto resumed>)       = 9
[pid  5155] epoll_pwait(8,  <unfinished ...>
[pid  5174] getpid( <unfinished ...>
[pid  5173] epoll_pwait(7,  <unfinished ...>
[pid  5153] ppoll([{fd=9, events=POLLIN}], 1, {tv_sec=0, tv_nsec=0}, NULL, 0 <unfinished ...>
[pid  5174] <... getpid resumed>)       = 5174
[pid  5173] <... epoll_pwait resumed>[{events=EPOLLOUT, data={u32=2080379952, u64=281472762123312}}], 256, -1, NULL, 8) = 1
[pid  5155] <... epoll_pwait resumed>[{events=EPOLLIN, data={u32=2080381392, u64=281472762124752}}, {events=EPOLLIN, data={u32=3664093488, u64=187650785255728}}], 256, -1, NULL, 8) = 2
[pid  5174] ppoll([{fd=15, events=POLLIN}], 1, NULL, NULL, 0 <unfinished ...>
[pid  5173] epoll_ctl(7, EPOLL_CTL_MOD, 9, {events=EPOLLIN, data={u32=2080379952, u64=281472762123312}} <unfinished ...>
[pid  5153] <... ppoll resumed>)        = 0 (Timeout)
[pid  5173] <... epoll_ctl resumed>)    = 0
[pid  5155] recvfrom(11,  <unfinished ...>
[pid  5173] epoll_pwait(7,  <unfinished ...>
[pid  5153] getpid( <unfinished ...>
[pid  5155] <... recvfrom resumed>"\1\0\0\5ping\0", 8192, 0, NULL, NULL) = 9
[pid  5153] <... getpid resumed>)       = 5153
[pid  5155] getpid( <unfinished ...>
[pid  5153] ppoll([{fd=9, events=POLLIN}], 1, NULL, NULL, 0 <unfinished ...>
[pid  5155] <... getpid resumed>)       = 5153
[pid  5155] write(9, "\1\0\0\0\0\0\0\0", 8) = 8
[pid  5153] <... ppoll resumed>)        = 1 ([{fd=9, revents=POLLIN}])
[pid  5155] getpid( <unfinished ...>
[pid  5153] getpid( <unfinished ...>
[pid  5155] <... getpid resumed>)       = 5153
[pid  5153] <... getpid resumed>)       = 5153
[pid  5155] ppoll([{fd=7, events=POLLIN}], 1, {tv_sec=0, tv_nsec=0}, NULL, 0 <unfinished ...>
[pid  5153] read(9,  <unfinished ...>
[pid  5155] <... ppoll resumed>)        = 1 ([{fd=7, revents=POLLIN}], left {tv_sec=0, tv_nsec=0})
[pid  5153] <... read resumed>"\1\0\0\0\0\0\0\0", 8) = 8
[pid  5155] getpid( <unfinished ...>
[pid  5153] getpid( <unfinished ...>
[pid  5155] <... getpid resumed>)       = 5153
[pid  5153] <... getpid resumed>)       = 5153
[pid  5155] read(7,  <unfinished ...>
[pid  5153] ppoll([{fd=9, events=POLLIN}], 1, {tv_sec=0, tv_nsec=0}, NULL, 0 <unfinished ...>
[pid  5155] <... read resumed>"\1\0\0\0\0\0\0\0", 8) = 8
[pid  5153] <... ppoll resumed>)        = 0 (Timeout)
[pid  5155] getpid( <unfinished ...>
[pid  5153] getpid( <unfinished ...>
[pid  5155] <... getpid resumed>)       = 5153
[pid  5153] <... getpid resumed>)       = 5153
[pid  5155] ppoll([{fd=7, events=POLLIN}], 1, {tv_sec=0, tv_nsec=0}, NULL, 0 <unfinished ...>
[pid  5153] write(7, "\1\0\0\0\0\0\0\0", 8 <unfinished ...>
[pid  5155] <... ppoll resumed>)        = 0 (Timeout)
[pid  5153] <... write resumed>)        = 8
[pid  5155] epoll_pwait(8,  <unfinished ...>
[pid  5153] getpid( <unfinished ...>
[pid  5155] <... epoll_pwait resumed>[{events=EPOLLIN, data={u32=3664093488, u64=187650785255728}}], 256, -1, NULL, 8) = 1
[pid  5153] <... getpid resumed>)       = 5153
[pid  5155] getpid( <unfinished ...>
[pid  5153] ppoll([{fd=9, events=POLLIN}], 1, {tv_sec=0, tv_nsec=0}, NULL, 0 <unfinished ...>
[pid  5155] <... getpid resumed>)       = 5153
[pid  5153] <... ppoll resumed>)        = 0 (Timeout)
[pid  5155] ppoll([{fd=7, events=POLLIN}], 1, {tv_sec=0, tv_nsec=0}, NULL, 0 <unfinished ...>
[pid  5153] getpid( <unfinished ...>
[pid  5155] <... ppoll resumed>)        = 1 ([{fd=7, revents=POLLIN}], left {tv_sec=0, tv_nsec=0})
[pid  5153] <... getpid resumed>)       = 5153
[pid  5155] getpid( <unfinished ...>
[pid  5153] ppoll([{fd=9, events=POLLIN}], 1, NULL, NULL, 0 <unfinished ...>
[pid  5155] <... getpid resumed>)       = 5153
[pid  5155] read(7, "\1\0\0\0\0\0\0\0", 8) = 8
[pid  5155] epoll_ctl(8, EPOLL_CTL_MOD, 11, {events=EPOLLIN|EPOLLOUT, data={u32=2080381392, u64=281472762124752}}) = 0
[pid  5155] getpid()                    = 5153
[pid  5155] write(9, "\1\0\0\0\0\0\0\0", 8) = 8
[pid  5153] <... ppoll resumed>)        = 1 ([{fd=9, revents=POLLIN}])
[pid  5155] sendto(11, "\1\0\0\5pong\0", 9, 0, NULL, 0 <unfinished ...>
[pid  5153] getpid( <unfinished ...>
[pid  5173] <... epoll_pwait resumed>[{events=EPOLLIN, data={u32=2080379952, u64=281472762123312}}], 256, -1, NULL, 8) = 1
[pid  5155] <... sendto resumed>)       = 9
[pid  5173] recvfrom(9,  <unfinished ...>
[pid  5153] <... getpid resumed>)       = 5153
[pid  5173] <... recvfrom resumed>"\1\0\0\5pong\0", 8192, 0, NULL, NULL) = 9
[pid  5155] getpid( <unfinished ...>
[pid  5173] epoll_pwait(7,  <unfinished ...>
[pid  5153] read(9,  <unfinished ...>
[pid  5155] <... getpid resumed>)       = 5153
[pid  5153] <... read resumed>"\1\0\0\0\0\0\0\0", 8) = 8
[pid  5155] ppoll([{fd=7, events=POLLIN}], 1, {tv_sec=0, tv_nsec=0}, NULL, 0 <unfinished ...>
[pid  5153] getpid( <unfinished ...>
[pid  5155] <... ppoll resumed>)        = 0 (Timeout)
[pid  5153] <... getpid resumed>)       = 5153
[pid  5155] epoll_pwait(8,  <unfinished ...>
[pid  5153] ppoll([{fd=9, events=POLLIN}], 1, {tv_sec=0, tv_nsec=0}, NULL, 0 <unfinished ...>
[pid  5155] <... epoll_pwait resumed>[{events=EPOLLOUT, data={u32=2080381392, u64=281472762124752}}], 256, -1, NULL, 8) = 1
[pid  5153] <... ppoll resumed>)        = 0 (Timeout)
[pid  5155] epoll_ctl(8, EPOLL_CTL_MOD, 11, {events=EPOLLIN, data={u32=2080381392, u64=281472762124752}} <unfinished ...>
[pid  5153] getpid( <unfinished ...>
[pid  5155] <... epoll_ctl resumed>)    = 0
[pid  5153] <... getpid resumed>)       = 5153
[pid  5155] epoll_pwait(8,  <unfinished ...>
[pid  5153] ppoll([{fd=9, events=POLLIN}], 1, NULL, NULL, 0 <unfinished ...>
[pid  5151] <... clock_nanosleep resumed>0xffffe4f67958) = 0
[pid  5151] eventfd2(0, EFD_CLOEXEC)    = 10
[pid  5151] fcntl(10, F_GETFL)          = 0x2 (flags O_RDWR)
[pid  5151] fcntl(10, F_SETFL, O_RDWR|O_NONBLOCK) = 0
[pid  5151] fcntl(10, F_GETFL)          = 0x802 (flags O_RDWR|O_NONBLOCK)
[pid  5151] fcntl(10, F_SETFL, O_RDWR|O_NONBLOCK) = 0
[pid  5151] getpid()                    = 5151
[pid  5151] getpid()                    = 5151
[pid  5151] ppoll([{fd=10, events=POLLIN}], 1, {tv_sec=0, tv_nsec=0}, NULL, 0) = 0 (Timeout)
[pid  5151] getpid()                    = 5151
[pid  5151] write(6, "\1\0\0\0\0\0\0\0", 8) = 8
[pid  5173] <... epoll_pwait resumed>[{events=EPOLLIN, data={u32=3664090192, u64=187650785252432}}], 256, -1, NULL, 8) = 1
[pid  5151] getpid( <unfinished ...>
[pid  5173] getpid( <unfinished ...>
[pid  5151] <... getpid resumed>)       = 5151
[pid  5173] <... getpid resumed>)       = 5151
[pid  5151] write(10, "\1\0\0\0\0\0\0\0", 8 <unfinished ...>
[pid  5173] ppoll([{fd=6, events=POLLIN}], 1, {tv_sec=0, tv_nsec=0}, NULL, 0 <unfinished ...>
[pid  5151] <... write resumed>)        = 8
[pid  5173] <... ppoll resumed>)        = 1 ([{fd=6, revents=POLLIN}], left {tv_sec=0, tv_nsec=0})
[pid  5151] write(1, "Ok: 5174\n", 9 <unfinished ...>
[pid  5173] getpid( <unfinished ...>
[pid  5151] <... write resumed>)        = 9
[pid  5173] <... getpid resumed>)       = 5151
[pid  5151] getpid( <unfinished ...>
[pid  5173] read(6,  <unfinished ...>
[pid  5151] <... getpid resumed>)       = 5151
[pid  5173] <... read resumed>"\1\0\0\0\0\0\0\0", 8) = 8
[pid  5151] ppoll([{fd=8, events=POLLIN}], 1, {tv_sec=0, tv_nsec=0}, NULL, 0 <unfinished ...>
[pid  5173] socket(AF_INET, SOCK_STREAM|SOCK_CLOEXEC, IPPROTO_TCP <unfinished ...>
[pid  5151] <... ppoll resumed>)        = 1 ([{fd=8, revents=POLLIN}], left {tv_sec=0, tv_nsec=0})
[pid  5173] <... socket resumed>)       = 11
[pid  5151] getpid( <unfinished ...>
[pid  5173] fcntl(11, F_GETFL <unfinished ...>
[pid  5151] <... getpid resumed>)       = 5151
[pid  5173] <... fcntl resumed>)        = 0x2 (flags O_RDWR)
[pid  5151] read(8,  <unfinished ...>
[pid  5173] fcntl(11, F_SETFL, O_RDWR|O_NONBLOCK <unfinished ...>
[pid  5151] <... read resumed>"\1\0\0\0\0\0\0\0", 8) = 8
[pid  5173] <... fcntl resumed>)        = 0
[pid  5151] getpid( <unfinished ...>
[pid  5173] connect(11, {sa_family=AF_INET, sin_port=htons(5552), sin_addr=inet_addr("127.0.0.1")}, 16 <unfinished ...>
[pid  5151] <... getpid resumed>)       = 5151
[pid  5173] <... connect resumed>)      = -1 EINPROGRESS (Operation now in progress)
[pid  5151] ppoll([{fd=8, events=POLLIN}], 1, {tv_sec=0, tv_nsec=0}, NULL, 0 <unfinished ...>
[pid  5176] <... epoll_pwait resumed>[{events=EPOLLIN, data={u32=2080380736, u64=281472762124096}}], 256, -1, NULL, 8) = 1
[pid  5151] <... ppoll resumed>)        = 0 (Timeout)
[pid  5173] epoll_ctl(7, EPOLL_CTL_ADD, 11, {events=0, data={u32=2080380032, u64=281472762123392}} <unfinished ...>
[pid  5151] write(1, "Ok: 1 // \321\203\320\267\320\265\320\273 1 \320\264\320\276\321\201\321\202\321\203\320\277"..., 37 <unfinished ...>
[pid  5176] accept4(16,  <unfinished ...>
[pid  5151] <... write resumed>)        = 37
[pid  5173] <... epoll_ctl resumed>)    = 0
[pid  5151] pselect6(1, [0], NULL, NULL, {tv_sec=0, tv_nsec=0}, NULL <unfinished ...>
[pid  5176] <... accept4 resumed>{sa_family=AF_INET, sin_port=htons(58444), sin_addr=inet_addr("127.0.0.1")}, [128 => 16], SOCK_CLOEXEC) = 17
[pid  5151] <... pselect6 resumed>)     = 1 (in [0], left {tv_sec=0, tv_nsec=0})
[pid  5173] epoll_ctl(7, EPOLL_CTL_MOD, 11, {events=EPOLLOUT, data={u32=2080380032, u64=281472762123392}} <unfinished ...>
[pid  5151] write(1, "Received command: ping 2\n", 25 <unfinished ...>
[pid  5176] setsockopt(17, SOL_TCP, TCP_NODELAY, [1], 4 <unfinished ...>
[pid  5151] <... write resumed>)        = 25
[pid  5173] <... epoll_ctl resumed>)    = 0
[pid  5151] getpid( <unfinished ...>
[pid  5176] <... setsockopt resumed>)   = 0
[pid  5151] <... getpid resumed>)       = 5151
[pid  5173] getpid( <unfinished ...>
[pid  5151] ppoll([{fd=10, events=POLLIN}], 1, {tv_sec=0, tv_nsec=0}, NULL, 0 <unfinished ...>
[pid  5176] getsockname(17,  <unfinished ...>
[pid  5151] <... ppoll resumed>)        = 1 ([{fd=10, revents=POLLIN}], left {tv_sec=0, tv_nsec=0})
[pid  5173] <... getpid resumed>)       = 5151
[pid  5151] getpid( <unfinished ...>
[pid  5176] <... getsockname resumed>{sa_family=AF_INET, sin_port=htons(5552), sin_addr=inet_addr("127.0.0.1")}, [128 => 16]) = 0
[pid  5173] ppoll([{fd=6, events=POLLIN}], 1, {tv_sec=0, tv_nsec=0}, NULL, 0 <unfinished ...>
[pid  5151] <... getpid resumed>)       = 5151
[pid  5176] getpeername(17,  <unfinished ...>
[pid  5151] read(10,  <unfinished ...>
[pid  5173] <... ppoll resumed>)        = 0 (Timeout)
[pid  5151] <... read resumed>"\1\0\0\0\0\0\0\0", 8) = 8
[pid  5176] <... getpeername resumed>{sa_family=AF_INET, sin_port=htons(58444), sin_addr=inet_addr("127.0.0.1")}, [128 => 16]) = 0
[pid  5151] getpid( <unfinished ...>
[pid  5173] epoll_pwait(7,  <unfinished ...>
[pid  5151] <... getpid resumed>)       = 5151
[pid  5176] getpeername(17,  <unfinished ...>
[pid  5151] ppoll([{fd=10, events=POLLIN}], 1, {tv_sec=0, tv_nsec=0}, NULL, 0 <unfinished ...>
[pid  5173] <... epoll_pwait resumed>[{events=EPOLLOUT, data={u32=2080380032, u64=281472762123392}}], 256, -1, NULL, 8) = 1
[pid  5151] <... ppoll resumed>)        = 0 (Timeout)
[pid  5176] <... getpeername resumed>{sa_family=AF_INET, sin_port=htons(58444), sin_addr=inet_addr("127.0.0.1")}, [128 => 16]) = 0
[pid  5151] getpid( <unfinished ...>
[pid  5173] epoll_ctl(7, EPOLL_CTL_DEL, 11, 0xffff7c001488 <unfinished ...>
[pid  5151] <... getpid resumed>)       = 5151
[pid  5176] fcntl(17, F_GETFL <unfinished ...>
[pid  5151] ppoll([{fd=10, events=POLLIN}], 1, {tv_sec=0, tv_nsec=0}, NULL, 0 <unfinished ...>
[pid  5173] <... epoll_ctl resumed>)    = 0
[pid  5151] <... ppoll resumed>)        = 0 (Timeout)
[pid  5176] <... fcntl resumed>)        = 0x2 (flags O_RDWR)
[pid  5151] pselect6(1, [0], NULL, NULL, {tv_sec=0, tv_nsec=0}, NULL <unfinished ...>
[pid  5173] getsockopt(11, SOL_SOCKET, SO_ERROR,  <unfinished ...>
[pid  5151] <... pselect6 resumed>)     = 1 (in [0], left {tv_sec=0, tv_nsec=0})
[pid  5176] fcntl(17, F_SETFL, O_RDWR|O_NONBLOCK <unfinished ...>
[pid  5151] write(1, "Received command: exec 2 2 10 20"..., 33 <unfinished ...>
[pid  5173] <... getsockopt resumed>[0], [4]) = 0
[pid  5151] <... write resumed>)        = 33
[pid  5176] <... fcntl resumed>)        = 0
[pid  5151] write(1, "Error:2: Node is unavailable\n", 29 <unfinished ...>
[pid  5173] setsockopt(11, SOL_TCP, TCP_NODELAY, [1], 4 <unfinished ...>
[pid  5151] <... write resumed>)        = 29
[pid  5176] getpid( <unfinished ...>
[pid  5151] getpid( <unfinished ...>
[pid  5173] <... setsockopt resumed>)   = 0
[pid  5151] <... getpid resumed>)       = 5151
[pid  5176] <... getpid resumed>)       = 5174
[pid  5151] ppoll([{fd=10, events=POLLIN}], 1, {tv_sec=0, tv_nsec=0}, NULL, 0 <unfinished ...>
[pid  5173] getsockname(11,  <unfinished ...>
[pid  5151] <... ppoll resumed>)        = 0 (Timeout)
[pid  5176] write(13, "\1\0\0\0\0\0\0\0", 8 <unfinished ...>
[pid  5151] pselect6(1, [0], NULL, NULL, {tv_sec=0, tv_nsec=0}, NULL <unfinished ...>
[pid  5173] <... getsockname resumed>{sa_family=AF_INET, sin_port=htons(58444), sin_addr=inet_addr("127.0.0.1")}, [128 => 16]) = 0
[pid  5151] <... pselect6 resumed>)     = 1 (in [0], left {tv_sec=0, tv_nsec=0})
[pid  5176] <... write resumed>)        = 8
[pid  5151] read(0,  <unfinished ...>
[pid  5173] getpeername(11,  <unfinished ...>
[pid  5151] <... read resumed>"", 4096) = 0
[pid  5176] epoll_pwait(14,  <unfinished ...>
[pid  5151] write(1, "Received command: ping 99\n", 26 <unfinished ...>
[pid  5173] <... getpeername resumed>{sa_family=AF_INET, sin_port=htons(5552), sin_addr=inet_addr("127.0.0.1")}, [128 => 16]) = 0
[pid  5151] <... write resumed>)        = 26
[pid  5176] <... epoll_pwait resumed>[{events=EPOLLIN, data={u32=3664149216, u64=187650785311456}}], 256, -1, NULL, 8) = 1
[pid  5151] write(1, "Error: Not found\n", 17 <unfinished ...>
[pid  5173] fcntl(11, F_GETFL <unfinished ...>
[pid  5151] <... write resumed>)        = 17
[pid  5176] getpid( <unfinished ...>
[pid  5173] <... fcntl resumed>)        = 0x802 (flags O_RDWR|O_NONBLOCK)
[pid  5151] getpid( <unfinished ...>
[pid  5176] <... getpid resumed>)       = 5174
[pid  5151] <... getpid resumed>)       = 5151
[pid  5173] fcntl(11, F_SETFL, O_RDWR|O_NONBLOCK <unfinished ...>
[pid  5151] ppoll([{fd=10, events=POLLIN}], 1, {tv_sec=0, tv_nsec=0}, NULL, 0 <unfinished ...>
[pid  5176] ppoll([{fd=13, events=POLLIN}], 1, {tv_sec=0, tv_nsec=0}, NULL, 0 <unfinished ...>
[pid  5151] <... ppoll resumed>)        = 0 (Timeout)
[pid  5173] <... fcntl resumed>)        = 0
[pid  5151] pselect6(1, [0], NULL, NULL, {tv_sec=0, tv_nsec=0}, NULL <unfinished ...>
[pid  5176] <... ppoll resumed>)        = 1 ([{fd=13, revents=POLLIN}], left {tv_sec=0, tv_nsec=0})
[pid  5151] <... pselect6 resumed>)     = 1 (in [0], left {tv_sec=0, tv_nsec=0})
[pid  5173] getpid( <unfinished ...>
[pid  5151] write(1, "Exiting on EOF.\n", 16 <unfinished ...>
[pid  5176] getpid( <unfinished ...>
[pid  5151] <... write resumed>)        = 16
[pid  5173] <... getpid resumed>)       = 5151
[pid  5151] getpid( <unfinished ...>
[pid  5176] <... getpid resumed>)       = 5174
[pid  5151] <... getpid resumed>)       = 5151
[pid  5173] write(6, "\1\0\0\0\0\0\0\0", 8 <unfinished ...>
[pid  5151] getpid( <unfinished ...>
[pid  5176] read(13,  <unfinished ...>
[pid  5151] <... getpid resumed>)       = 5151
[pid  5173] <... write resumed>)        = 8
[pid  5151] write(8, "\1\0\0\0\0\0\0\0", 8 <unfinished ...>
[pid  5176] <... read resumed>"\1\0\0\0\0\0\0\0", 8) = 8
[pid  5151] <... write resumed>)        = 8
[pid  5173] epoll_pwait(7,  <unfinished ...>
[pid  5151] getpid( <unfinished ...>
[pid  5176] epoll_ctl(14, EPOLL_CTL_ADD, 17, {events=0, data={u32=2080384416, u64=281472762127776}} <unfinished ...>
[pid  5151] <... getpid resumed>)       = 5151
[pid  5173] <... epoll_pwait resumed>[{events=EPOLLIN, data={u32=3664090192, u64=187650785252432}}], 256, -1, NULL, 8) = 1
[pid  5151] write(10, "\1\0\0\0\0\0\0\0", 8 <unfinished ...>
[pid  5176] <... epoll_ctl resumed>)    = 0
[pid  5151] <... write resumed>)        = 8
[pid  5173] getpid( <unfinished ...>
[pid  5151] getpid( <unfinished ...>
[pid  5176] epoll_ctl(14, EPOLL_CTL_MOD, 17, {events=EPOLLIN, data={u32=2080384416, u64=281472762127776}} <unfinished ...>
[pid  5151] <... getpid resumed>)       = 5151
[pid  5173] <... getpid resumed>)       = 5151
[pid  5151] ppoll([{fd=3, events=POLLIN}], 1, NULL, NULL, 0 <unfinished ...>
[pid  5176] <... epoll_ctl resumed>)    = 0
[pid  5173] ppoll([{fd=6, events=POLLIN}], 1, {tv_sec=0, tv_nsec=0}, NULL, 0 <unfinished ...>
[pid  5176] epoll_ctl(14, EPOLL_CTL_MOD, 17, {events=EPOLLIN|EPOLLOUT, data={u32=2080384416, u64=281472762127776}} <unfinished ...>
[pid  5173] <... ppoll resumed>)        = 1 ([{fd=6, revents=POLLIN}], left {tv_sec=0, tv_nsec=0})
[pid  5176] <... epoll_ctl resumed>)    = 0
[pid  5173] getpid( <unfinished ...>
[pid  5176] recvfrom(17,  <unfinished ...>
[pid  5173] <... getpid resumed>)       = 5151
[pid  5176] <... recvfrom resumed>0xffff7c001ed8, 12, 0, NULL, NULL) = -1 EAGAIN (Resource temporarily unavailable)
[pid  5173] read(6,  <unfinished ...>
[pid  5176] getpid( <unfinished ...>
[pid  5173] <... read resumed>"\1\0\0\0\0\0\0\0", 8) = 8
[pid  5176] <... getpid resumed>)       = 5174
[pid  5173] epoll_ctl(7, EPOLL_CTL_ADD, 11, {events=0, data={u32=2080380032, u64=281472762123392}} <unfinished ...>
[pid  5176] ppoll([{fd=13, events=POLLIN}], 1, {tv_sec=0, tv_nsec=0}, NULL, 0 <unfinished ...>
[pid  5173] <... epoll_ctl resumed>)    = 0
[pid  5176] <... ppoll resumed>)        = 0 (Timeout)
[pid  5173] epoll_ctl(7, EPOLL_CTL_MOD, 11, {events=EPOLLIN, data={u32=2080380032, u64=281472762123392}} <unfinished ...>
[pid  5176] epoll_pwait(14,  <unfinished ...>
[pid  5173] <... epoll_ctl resumed>)    = 0
[pid  5176] <... epoll_pwait resumed>[{events=EPOLLOUT, data={u32=2080384416, u64=281472762127776}}], 256, 29999, NULL, 8) = 1
[pid  5173] epoll_ctl(7, EPOLL_CTL_MOD, 11, {events=EPOLLIN|EPOLLOUT, data={u32=2080380032, u64=281472762123392}} <unfinished ...>
[pid  5176] sendto(17, "\377\0\0\0\0\0\0\0\1\177", 10, 0, NULL, 0 <unfinished ...>
[pid  5173] <... epoll_ctl resumed>)    = 0
[pid  5176] <... sendto resumed>)       = 10
[pid  5173] recvfrom(11,  <unfinished ...>
[pid  5176] epoll_ctl(14, EPOLL_CTL_MOD, 17, {events=EPOLLIN, data={u32=2080384416, u64=281472762127776}} <unfinished ...>
[pid  5173] <... recvfrom resumed>"\377\0\0\0\0\0\0\0\1\177", 12, 0, NULL, NULL) = 10
[pid  5176] <... epoll_ctl resumed>)    = 0
[pid  5173] recvfrom(11,  <unfinished ...>
[pid  5176] epoll_pwait(14,  <unfinished ...>
[pid  5173] <... recvfrom resumed>0xffff7c0096e2, 2, 0, NULL, NULL) = -1 EAGAIN (Resource temporarily unavailable)
[pid  5173] getpid()                    = 5151
[pid  5173] ppoll([{fd=6, events=POLLIN}], 1, {tv_sec=0, tv_nsec=0}, NULL, 0) = 0 (Timeout)
[pid  5173] epoll_pwait(7, [{events=EPOLLOUT, data={u32=2080380032, u64=281472762123392}}], 256, 29998, NULL, 8) = 1
[pid  5173] sendto(11, "\377\0\0\0\0\0\0\0\1\177\3", 11, 0, NULL, 0 <unfinished ...>
[pid  5176] <... epoll_pwait resumed>[{events=EPOLLIN, data={u32=2080384416, u64=281472762127776}}], 256, 29998, NULL, 8) = 1
[pid  5173] <... sendto resumed>)       = 11
[pid  5176] recvfrom(17,  <unfinished ...>
[pid  5173] epoll_ctl(7, EPOLL_CTL_MOD, 11, {events=EPOLLIN, data={u32=2080380032, u64=281472762123392}} <unfinished ...>
[pid  5176] <... recvfrom resumed>"\377\0\0\0\0\0\0\0\1\177\3", 12, 0, NULL, NULL) = 11
[pid  5173] <... epoll_ctl resumed>)    = 0
[pid  5176] epoll_ctl(14, EPOLL_CTL_MOD, 17, {events=EPOLLIN|EPOLLOUT, data={u32=2080384416, u64=281472762127776}} <unfinished ...>
[pid  5173] epoll_pwait(7,  <unfinished ...>
[pid  5176] <... epoll_ctl resumed>)    = 0
[pid  5176] recvfrom(17, 0xffff7c001ee3, 53, 0, NULL, NULL) = -1 EAGAIN (Resource temporarily unavailable)
[pid  5176] epoll_pwait(14, [{events=EPOLLOUT, data={u32=2080384416, u64=281472762127776}}], 256, 29995, NULL, 8) = 1
[pid  5176] sendto(17, "\3\1NULL\0\0\0\0\0\0\0\0\0\0\0\0\0\0\0\0\0\0\0\0\0\0\0\0\0\0"..., 54, 0, NULL, 0) = 54
[pid  5173] <... epoll_pwait resumed>[{events=EPOLLIN, data={u32=2080380032, u64=281472762123392}}], 256, 29997, NULL, 8) = 1
[pid  5176] epoll_ctl(14, EPOLL_CTL_MOD, 17, {events=EPOLLIN, data={u32=2080384416, u64=281472762127776}} <unfinished ...>
[pid  5173] recvfrom(11,  <unfinished ...>
[pid  5176] <... epoll_ctl resumed>)    = 0
[pid  5173] <... recvfrom resumed>"\3\1", 2, 0, NULL, NULL) = 2
[pid  5176] epoll_pwait(14,  <unfinished ...>
[pid  5173] epoll_ctl(7, EPOLL_CTL_MOD, 11, {events=EPOLLIN|EPOLLOUT, data={u32=2080380032, u64=281472762123392}}) = 0
[pid  5173] recvfrom(11, "NULL\0\0\0\0\0\0\0\0\0\0\0\0\0\0\0\0\0\0\0\0\0\0\0\0\0\0\0\0"..., 52, 0, NULL, NULL) = 52
[pid  5173] recvfrom(11, 0xffff7c00bc48, 8192, 0, NULL, NULL) = -1 EAGAIN (Resource temporarily unavailable)
[pid  5173] epoll_pwait(7, [{events=EPOLLOUT, data={u32=2080380032, u64=281472762123392}}], 256, 29995, NULL, 8) = 1
[pid  5173] sendto(11, "\1NULL\0\0\0\0\0\0\0\0\0\0\0\0\0\0\0\0\0\0\0\0\0\0\0\0\0\0\0"..., 53, 0, NULL, 0 <unfinished ...>
[pid  5176] <... epoll_pwait resumed>[{events=EPOLLIN, data={u32=2080384416, u64=281472762127776}}], 256, 29995, NULL, 8) = 1
[pid  5173] <... sendto resumed>)       = 53
[pid  5176] recvfrom(17,  <unfinished ...>
[pid  5173] epoll_pwait(7,  <unfinished ...>
[pid  5176] <... recvfrom resumed>"\1NULL\0\0\0\0\0\0\0\0\0\0\0\0\0\0\0\0\0\0\0\0\0\0\0\0\0\0\0"..., 53, 0, NULL, NULL) = 53
[pid  5173] <... epoll_pwait resumed>[{events=EPOLLOUT, data={u32=2080380032, u64=281472762123392}}], 256, 29995, NULL, 8) = 1
[pid  5176] epoll_ctl(14, EPOLL_CTL_MOD, 17, {events=EPOLLIN|EPOLLOUT, data={u32=2080384416, u64=281472762127776}} <unfinished ...>
[pid  5173] sendto(11, "\4&\5READY\vSocket-Type\0\0\0\3REQ\10Iden"..., 40, 0, NULL, 0 <unfinished ...>
[pid  5176] <... epoll_ctl resumed>)    = 0
[pid  5173] <... sendto resumed>)       = 40
[pid  5176] recvfrom(17,  <unfinished ...>
[pid  5173] epoll_pwait(7,  <unfinished ...>
[pid  5176] <... recvfrom resumed>"\4&\5READY\vSocket-Type\0\0\0\3REQ\10Iden"..., 8192, 0, NULL, NULL) = 40
[pid  5173] <... epoll_pwait resumed>[{events=EPOLLOUT, data={u32=2080380032, u64=281472762123392}}], 256, 29994, NULL, 8) = 1
[pid  5176] epoll_pwait(14,  <unfinished ...>
[pid  5173] epoll_ctl(7, EPOLL_CTL_MOD, 11, {events=EPOLLIN, data={u32=2080380032, u64=281472762123392}} <unfinished ...>
[pid  5176] <... epoll_pwait resumed>[{events=EPOLLOUT, data={u32=2080384416, u64=281472762127776}}], 256, 29993, NULL, 8) = 1
[pid  5173] <... epoll_ctl resumed>)    = 0
[pid  5176] getpid( <unfinished ...>
[pid  5173] epoll_pwait(7,  <unfinished ...>
[pid  5176] <... getpid resumed>)       = 5174
[pid  5176] write(15, "\1\0\0\0\0\0\0\0", 8) = 8
[pid  5174] <... ppoll resumed>)        = 1 ([{fd=15, revents=POLLIN}])
[pid  5176] sendto(17, "\4\31\5READY\vSocket-Type\0\0\0\3REP", 27, 0, NULL, 0 <unfinished ...>
[pid  5174] getpid( <unfinished ...>
[pid  5176] <... sendto resumed>)       = 27
[pid  5173] <... epoll_pwait resumed>[{events=EPOLLIN, data={u32=2080380032, u64=281472762123392}}], 256, 29993, NULL, 8) = 1
[pid  5176] epoll_pwait(14,  <unfinished ...>
[pid  5174] <... getpid resumed>)       = 5174
[pid  5176] <... epoll_pwait resumed>[{events=EPOLLOUT, data={u32=2080384416, u64=281472762127776}}], 256, -1, NULL, 8) = 1
[pid  5173] recvfrom(11,  <unfinished ...>
[pid  5176] epoll_ctl(14, EPOLL_CTL_MOD, 17, {events=EPOLLIN, data={u32=2080384416, u64=281472762127776}} <unfinished ...>
[pid  5174] read(15,  <unfinished ...>
[pid  5176] <... epoll_ctl resumed>)    = 0
[pid  5173] <... recvfrom resumed>"\4\31\5READY\vSocket-Type\0\0\0\3REP", 8192, 0, NULL, NULL) = 27
[pid  5176] epoll_pwait(14,  <unfinished ...>
[pid  5174] <... read resumed>"\1\0\0\0\0\0\0\0", 8) = 8
[pid  5173] epoll_ctl(7, EPOLL_CTL_MOD, 11, {events=EPOLLIN|EPOLLOUT, data={u32=2080380032, u64=281472762123392}} <unfinished ...>
[pid  5174] getpid( <unfinished ...>
[pid  5173] <... epoll_ctl resumed>)    = 0
[pid  5174] <... getpid resumed>)       = 5174
[pid  5173] sendto(11, "\1\0\0\5ping\0", 9, 0, NULL, 0 <unfinished ...>
[pid  5174] write(13, "\1\0\0\0\0\0\0\0", 8 <unfinished ...>
[pid  5176] <... epoll_pwait resumed>[{events=EPOLLIN, data={u32=2080384416, u64=281472762127776}}], 256, -1, NULL, 8) = 1
[pid  5173] <... sendto resumed>)       = 9
[pid  5176] recvfrom(17,  <unfinished ...>
[pid  5174] <... write resumed>)        = 8
[pid  5176] <... recvfrom resumed>"\1\0\0\5ping\0", 8192, 0, NULL, NULL) = 9
[pid  5173] epoll_pwait(7,  <unfinished ...>
[pid  5176] epoll_pwait(14,  <unfinished ...>
[pid  5174] getpid( <unfinished ...>
[pid  5176] <... epoll_pwait resumed>[{events=EPOLLIN, data={u32=3664149216, u64=187650785311456}}], 256, -1, NULL, 8) = 1
[pid  5173] <... epoll_pwait resumed>[{events=EPOLLOUT, data={u32=2080380032, u64=281472762123392}}], 256, -1, NULL, 8) = 1
[pid  5176] getpid( <unfinished ...>
[pid  5174] <... getpid resumed>)       = 5174
[pid  5176] <... getpid resumed>)       = 5174
[pid  5173] epoll_ctl(7, EPOLL_CTL_MOD, 11, {events=EPOLLIN, data={u32=2080380032, u64=281472762123392}} <unfinished ...>
[pid  5176] ppoll([{fd=13, events=POLLIN}], 1, {tv_sec=0, tv_nsec=0}, NULL, 0 <unfinished ...>
[pid  5174] ppoll([{fd=15, events=POLLIN}], 1, {tv_sec=0, tv_nsec=0}, NULL, 0 <unfinished ...>
[pid  5176] <... ppoll resumed>)        = 1 ([{fd=13, revents=POLLIN}], left {tv_sec=0, tv_nsec=0})
[pid  5173] <... epoll_ctl resumed>)    = 0
[pid  5176] getpid( <unfinished ...>
[pid  5174] <... ppoll resumed>)        = 0 (Timeout)
[pid  5176] <... getpid resumed>)       = 5174
[pid  5173] epoll_pwait(7,  <unfinished ...>
[pid  5176] read(13,  <unfinished ...>
[pid  5174] getpid( <unfinished ...>
[pid  5176] <... read resumed>"\1\0\0\0\0\0\0\0", 8) = 8
[pid  5174] <... getpid resumed>)       = 5174
[pid  5176] getpid( <unfinished ...>
[pid  5174] ppoll([{fd=15, events=POLLIN}], 1, {tv_sec=0, tv_nsec=0}, NULL, 0 <unfinished ...>
[pid  5176] <... getpid resumed>)       = 5174
[pid  5174] <... ppoll resumed>)        = 0 (Timeout)
[pid  5176] ppoll([{fd=13, events=POLLIN}], 1, {tv_sec=0, tv_nsec=0}, NULL, 0 <unfinished ...>
[pid  5174] getpid( <unfinished ...>
[pid  5176] <... ppoll resumed>)        = 0 (Timeout)
[pid  5174] <... getpid resumed>)       = 5174
[pid  5176] epoll_pwait(14,  <unfinished ...>
[pid  5174] write(13, "\1\0\0\0\0\0\0\0", 8 <unfinished ...>
[pid  5176] <... epoll_pwait resumed>[{events=EPOLLIN, data={u32=3664149216, u64=187650785311456}}], 256, -1, NULL, 8) = 1
[pid  5174] <... write resumed>)        = 8
[pid  5176] getpid( <unfinished ...>
[pid  5174] getpid( <unfinished ...>
[pid  5176] <... getpid resumed>)       = 5174
[pid  5174] <... getpid resumed>)       = 5174
[pid  5176] ppoll([{fd=13, events=POLLIN}], 1, {tv_sec=0, tv_nsec=0}, NULL, 0 <unfinished ...>
[pid  5174] ppoll([{fd=15, events=POLLIN}], 1, NULL, NULL, 0 <unfinished ...>
[pid  5176] <... ppoll resumed>)        = 1 ([{fd=13, revents=POLLIN}], left {tv_sec=0, tv_nsec=0})
[pid  5176] getpid()                    = 5174
[pid  5176] read(13, "\1\0\0\0\0\0\0\0", 8) = 8
[pid  5176] epoll_ctl(14, EPOLL_CTL_MOD, 17, {events=EPOLLIN|EPOLLOUT, data={u32=2080384416, u64=281472762127776}}) = 0
[pid  5176] getpid()                    = 5174
[pid  5176] write(15, "\1\0\0\0\0\0\0\0", 8) = 8
[pid  5174] <... ppoll resumed>)        = 1 ([{fd=15, revents=POLLIN}])
[pid  5176] sendto(17, "\1\0\0\5pong\0", 9, 0, NULL, 0 <unfinished ...>
[pid  5174] getpid( <unfinished ...>
[pid  5176] <... sendto resumed>)       = 9
[pid  5173] <... epoll_pwait resumed>[{events=EPOLLIN, data={u32=2080380032, u64=281472762123392}}], 256, -1, NULL, 8) = 1
[pid  5176] getpid( <unfinished ...>
[pid  5174] <... getpid resumed>)       = 5174
[pid  5176] <... getpid resumed>)       = 5174
[pid  5173] recvfrom(11,  <unfinished ...>
[pid  5176] ppoll([{fd=13, events=POLLIN}], 1, {tv_sec=0, tv_nsec=0}, NULL, 0 <unfinished ...>
[pid  5174] read(15,  <unfinished ...>
[pid  5176] <... ppoll resumed>)        = 0 (Timeout)
[pid  5173] <... recvfrom resumed>"\1\0\0\5pong\0", 8192, 0, NULL, NULL) = 9
[pid  5176] epoll_pwait(14,  <unfinished ...>
[pid  5174] <... read resumed>"\1\0\0\0\0\0\0\0", 8) = 8
[pid  5176] <... epoll_pwait resumed>[{events=EPOLLOUT, data={u32=2080384416, u64=281472762127776}}], 256, -1, NULL, 8) = 1
[pid  5173] epoll_pwait(7,  <unfinished ...>
[pid  5176] epoll_ctl(14, EPOLL_CTL_MOD, 17, {events=EPOLLIN, data={u32=2080384416, u64=281472762127776}} <unfinished ...>
[pid  5174] getpid( <unfinished ...>
[pid  5176] <... epoll_ctl resumed>)    = 0
[pid  5174] <... getpid resumed>)       = 5174
[pid  5176] epoll_pwait(14,  <unfinished ...>
[pid  5174] ppoll([{fd=15, events=POLLIN}], 1, {tv_sec=0, tv_nsec=0}, NULL, 0) = 0 (Timeout)
[pid  5174] getpid()                    = 5174
[pid  5174] ppoll([{fd=15, events=POLLIN}], 1, NULL, NULL, 0) = ? ERESTARTNOHAND (To be restarted if no handler)
strace: Process 5151 detached
strace: Process 5153 detached
strace: Process 5154 detached
strace: Process 5155 detached
strace: Process 5172 detached
strace: Process 5173 detached
strace: Process 5174 detached
strace: Process 5175 detached
strace: Process 5176 detached
